The push refers to repository [docker.io/raymone23/swepm-0930]
f014853ae203: Waiting
b5bcba636165: Waiting
7e8ab49927c9: Waiting
cb82df901aed: Waiting
60e41086509b: Waiting
4f4fb700ef54: Waiting
6d6401b7636b: Waiting
49a6103b83e1: Waiting
cffef7dc6f99: Waiting
8286cb4ece30: Waiting
b59d68b11859: Waiting
49a6103b83e1: Waiting
cffef7dc6f99: Waiting
8286cb4ece30: Waiting
b59d68b11859: Waiting
f014853ae203: Waiting
b5bcba636165: Waiting
7e8ab49927c9: Waiting
cb82df901aed: Waiting
60e41086509b: Waiting
4f4fb700ef54: Waiting
6d6401b7636b: Waiting
4f4fb700ef54: Waiting
6d6401b7636b: Waiting
49a6103b83e1: Waiting
cffef7dc6f99: Waiting
8286cb4ece30: Waiting
b59d68b11859: Waiting
f014853ae203: Waiting
b5bcba636165: Waiting
7e8ab49927c9: Waiting
cb82df901aed: Waiting
60e41086509b: Waiting
b5bcba636165: Waiting
7e8ab49927c9: Waiting
cb82df901aed: Waiting
60e41086509b: Waiting
4f4fb700ef54: Waiting
6d6401b7636b: Waiting
49a6103b83e1: Waiting
cffef7dc6f99: Waiting
8286cb4ece30: Waiting
b59d68b11859: Waiting
f014853ae203: Waiting
b59d68b11859: Waiting
f014853ae203: Waiting
b5bcba636165: Waiting
7e8ab49927c9: Waiting
cb82df901aed: Waiting
60e41086509b: Waiting
4f4fb700ef54: Waiting
6d6401b7636b: Waiting
49a6103b83e1: Waiting
cffef7dc6f99: Waiting
8286cb4ece30: Waiting
b59d68b11859: Waiting
f014853ae203: Waiting
b5bcba636165: Waiting
7e8ab49927c9: Waiting
cb82df901aed: Waiting
60e41086509b: Waiting
4f4fb700ef54: Waiting
6d6401b7636b: Waiting
49a6103b83e1: Waiting
cffef7dc6f99: Waiting
8286cb4ece30: Waiting
49a6103b83e1: Waiting
cffef7dc6f99: Waiting
8286cb4ece30: Waiting
b59d68b11859: Waiting
f014853ae203: Waiting
b5bcba636165: Waiting
7e8ab49927c9: Waiting
cb82df901aed: Waiting
60e41086509b: Waiting
4f4fb700ef54: Waiting
6d6401b7636b: Waiting
b59d68b11859: Waiting
f014853ae203: Waiting
b5bcba636165: Waiting
7e8ab49927c9: Waiting
cb82df901aed: Waiting
60e41086509b: Waiting
4f4fb700ef54: Waiting
6d6401b7636b: Waiting
49a6103b83e1: Waiting
cffef7dc6f99: Waiting
8286cb4ece30: Waiting
7e8ab49927c9: Waiting
cb82df901aed: Waiting
60e41086509b: Waiting
4f4fb700ef54: Waiting
6d6401b7636b: Waiting
49a6103b83e1: Waiting
cffef7dc6f99: Waiting
8286cb4ece30: Waiting
b59d68b11859: Waiting
f014853ae203: Waiting
b5bcba636165: Waiting
b5bcba636165: Waiting
7e8ab49927c9: Waiting
cb82df901aed: Waiting
60e41086509b: Waiting
4f4fb700ef54: Waiting
6d6401b7636b: Waiting
49a6103b83e1: Waiting
cffef7dc6f99: Waiting
8286cb4ece30: Waiting
b59d68b11859: Waiting
f014853ae203: Waiting
60e41086509b: Waiting
4f4fb700ef54: Waiting
6d6401b7636b: Waiting
49a6103b83e1: Waiting
cffef7dc6f99: Waiting
8286cb4ece30: Waiting
b59d68b11859: Waiting
f014853ae203: Waiting
b5bcba636165: Waiting
7e8ab49927c9: Waiting
cb82df901aed: Waiting
b59d68b11859: Waiting
f014853ae203: Waiting
b5bcba636165: Waiting
7e8ab49927c9: Waiting
cb82df901aed: Waiting
60e41086509b: Waiting
4f4fb700ef54: Waiting
6d6401b7636b: Waiting
49a6103b83e1: Waiting
cffef7dc6f99: Waiting
8286cb4ece30: Waiting
cffef7dc6f99: Waiting
8286cb4ece30: Waiting
b59d68b11859: Waiting
f014853ae203: Waiting
b5bcba636165: Waiting
7e8ab49927c9: Waiting
cb82df901aed: Waiting
60e41086509b: Waiting
4f4fb700ef54: Waiting
6d6401b7636b: Waiting
49a6103b83e1: Waiting
8286cb4ece30: Waiting
b59d68b11859: Waiting
f014853ae203: Waiting
b5bcba636165: Waiting
7e8ab49927c9: Waiting
cb82df901aed: Waiting
60e41086509b: Waiting
4f4fb700ef54: Waiting
6d6401b7636b: Waiting
49a6103b83e1: Waiting
cffef7dc6f99: Waiting
cb82df901aed: Waiting
60e41086509b: Waiting
4f4fb700ef54: Waiting
6d6401b7636b: Waiting
49a6103b83e1: Waiting
cffef7dc6f99: Waiting
8286cb4ece30: Waiting
b59d68b11859: Waiting
f014853ae203: Waiting
b5bcba636165: Waiting
7e8ab49927c9: Waiting
b5bcba636165: Waiting
7e8ab49927c9: Waiting
cb82df901aed: Waiting
60e41086509b: Waiting
4f4fb700ef54: Waiting
6d6401b7636b: Waiting
49a6103b83e1: Waiting
cffef7dc6f99: Waiting
8286cb4ece30: Waiting
b59d68b11859: Waiting
f014853ae203: Waiting
b59d68b11859: Waiting
f014853ae203: Waiting
b5bcba636165: Waiting
7e8ab49927c9: Waiting
cb82df901aed: Waiting
60e41086509b: Waiting
4f4fb700ef54: Waiting
6d6401b7636b: Waiting
49a6103b83e1: Waiting
cffef7dc6f99: Waiting
8286cb4ece30: Waiting
49a6103b83e1: Waiting
cffef7dc6f99: Waiting
8286cb4ece30: Waiting
b59d68b11859: Waiting
f014853ae203: Waiting
b5bcba636165: Waiting
7e8ab49927c9: Waiting
cb82df901aed: Waiting
60e41086509b: Waiting
4f4fb700ef54: Waiting
6d6401b7636b: Waiting
6d6401b7636b: Waiting
49a6103b83e1: Waiting
cffef7dc6f99: Waiting
8286cb4ece30: Waiting
b59d68b11859: Waiting
f014853ae203: Waiting
b5bcba636165: Waiting
7e8ab49927c9: Waiting
cb82df901aed: Waiting
60e41086509b: Waiting
4f4fb700ef54: Waiting
4f4fb700ef54: Waiting
6d6401b7636b: Waiting
49a6103b83e1: Waiting
cffef7dc6f99: Waiting
8286cb4ece30: Waiting
b59d68b11859: Waiting
f014853ae203: Waiting
b5bcba636165: Waiting
7e8ab49927c9: Waiting
cb82df901aed: Waiting
60e41086509b: Waiting
f014853ae203: Waiting
b5bcba636165: Waiting
7e8ab49927c9: Waiting
cb82df901aed: Waiting
60e41086509b: Waiting
4f4fb700ef54: Waiting
6d6401b7636b: Waiting
49a6103b83e1: Waiting
cffef7dc6f99: Waiting
8286cb4ece30: Waiting
b59d68b11859: Waiting
4f4fb700ef54: Waiting
6d6401b7636b: Waiting
49a6103b83e1: Waiting
cffef7dc6f99: Waiting
8286cb4ece30: Waiting
b59d68b11859: Waiting
f014853ae203: Waiting
b5bcba636165: Waiting
7e8ab49927c9: Waiting
cb82df901aed: Waiting
60e41086509b: Waiting
b59d68b11859: Waiting
f014853ae203: Waiting
b5bcba636165: Waiting
7e8ab49927c9: Waiting
cb82df901aed: Waiting
60e41086509b: Waiting
4f4fb700ef54: Waiting
6d6401b7636b: Waiting
49a6103b83e1: Waiting
cffef7dc6f99: Waiting
8286cb4ece30: Waiting
f014853ae203: Waiting
b5bcba636165: Waiting
7e8ab49927c9: Waiting
cb82df901aed: Waiting
60e41086509b: Waiting
4f4fb700ef54: Waiting
6d6401b7636b: Waiting
49a6103b83e1: Waiting
cffef7dc6f99: Waiting
8286cb4ece30: Waiting
b59d68b11859: Waiting
b59d68b11859: Waiting
f014853ae203: Waiting
b5bcba636165: Waiting
7e8ab49927c9: Waiting
cb82df901aed: Waiting
60e41086509b: Waiting
4f4fb700ef54: Waiting
6d6401b7636b: Waiting
49a6103b83e1: Waiting
cffef7dc6f99: Waiting
8286cb4ece30: Waiting
4f4fb700ef54: Waiting
49a6103b83e1: Waiting
cffef7dc6f99: Waiting
8286cb4ece30: Waiting
b59d68b11859: Waiting
f014853ae203: Waiting
b5bcba636165: Waiting
7e8ab49927c9: Waiting
cb82df901aed: Waiting
60e41086509b: Waiting
b59d68b11859: Waiting
f014853ae203: Waiting
b5bcba636165: Waiting
7e8ab49927c9: Waiting
cb82df901aed: Waiting
60e41086509b: Waiting
4f4fb700ef54: Waiting
49a6103b83e1: Waiting
cffef7dc6f99: Waiting
8286cb4ece30: Waiting
60e41086509b: Waiting
4f4fb700ef54: Waiting
49a6103b83e1: Waiting
cffef7dc6f99: Waiting
8286cb4ece30: Waiting
b59d68b11859: Waiting
f014853ae203: Waiting
b5bcba636165: Waiting
7e8ab49927c9: Waiting
cb82df901aed: Waiting
8286cb4ece30: Mounted from key4127/refactor-dockerhub
f014853ae203: Waiting
b5bcba636165: Mounted from key4127/refactor-dockerhub
7e8ab49927c9: Mounted from key4127/refactor-dockerhub
60e41086509b: Mounted from key4127/refactor-dockerhub
4f4fb700ef54: Waiting
4f4fb700ef54: Mounted from timberio/vector
b59d68b11859: Pushed
cb82df901aed: Pushed
49a6103b83e1: Pushed
6d6401b7636b: Pushed
f014853ae203: Pushed
cffef7dc6f99: Pushed
aimee-1c60c9c-env-20261003-r2: digest: sha256:a367a51f77cdb6bbd4d52dfc3c1688d459a3dab2a4f680b3f42d72e07599b5de size: 856
