The push refers to repository [docker.io/raymone23/swepm-0930]
f014853ae203: Waiting
cffef7dc6f99: Waiting
920396f6294d: Waiting
371aa7febd15: Waiting
40f5bc129fb2: Waiting
d64c83132511: Waiting
0944cdaf8f13: Waiting
16490e9764fb: Waiting
7148fc7d258d: Waiting
d76c44d5005a: Waiting
003061f9ccf9: Waiting
01b3c4a0d5c8: Waiting
4f4fb700ef54: Waiting
34c6ba9320c4: Waiting
6d6401b7636b: Waiting
a1b7bb58af83: Waiting
d5791340ef18: Waiting
cfd7e7cce994: Waiting
34c6ba9320c4: Waiting
6d6401b7636b: Waiting
a1b7bb58af83: Waiting
d5791340ef18: Waiting
cfd7e7cce994: Waiting
f014853ae203: Waiting
cffef7dc6f99: Waiting
920396f6294d: Waiting
371aa7febd15: Waiting
40f5bc129fb2: Waiting
d64c83132511: Waiting
0944cdaf8f13: Waiting
16490e9764fb: Waiting
7148fc7d258d: Waiting
d76c44d5005a: Waiting
003061f9ccf9: Waiting
01b3c4a0d5c8: Waiting
4f4fb700ef54: Waiting
f014853ae203: Waiting
cffef7dc6f99: Waiting
920396f6294d: Waiting
371aa7febd15: Waiting
40f5bc129fb2: Waiting
d64c83132511: Waiting
0944cdaf8f13: Waiting
16490e9764fb: Waiting
7148fc7d258d: Waiting
d76c44d5005a: Waiting
003061f9ccf9: Waiting
01b3c4a0d5c8: Waiting
4f4fb700ef54: Waiting
34c6ba9320c4: Waiting
6d6401b7636b: Waiting
a1b7bb58af83: Waiting
d5791340ef18: Waiting
cfd7e7cce994: Waiting
cfd7e7cce994: Waiting
f014853ae203: Waiting
cffef7dc6f99: Waiting
920396f6294d: Waiting
371aa7febd15: Waiting
40f5bc129fb2: Waiting
d64c83132511: Waiting
0944cdaf8f13: Waiting
16490e9764fb: Waiting
7148fc7d258d: Waiting
d76c44d5005a: Waiting
003061f9ccf9: Waiting
01b3c4a0d5c8: Waiting
4f4fb700ef54: Waiting
34c6ba9320c4: Waiting
6d6401b7636b: Waiting
a1b7bb58af83: Waiting
d5791340ef18: Waiting
40f5bc129fb2: Waiting
d64c83132511: Waiting
0944cdaf8f13: Waiting
16490e9764fb: Waiting
7148fc7d258d: Waiting
d76c44d5005a: Waiting
003061f9ccf9: Waiting
01b3c4a0d5c8: Waiting
4f4fb700ef54: Waiting
34c6ba9320c4: Waiting
6d6401b7636b: Waiting
a1b7bb58af83: Waiting
d5791340ef18: Waiting
cfd7e7cce994: Waiting
f014853ae203: Waiting
cffef7dc6f99: Waiting
920396f6294d: Waiting
371aa7febd15: Waiting
003061f9ccf9: Waiting
01b3c4a0d5c8: Waiting
4f4fb700ef54: Waiting
34c6ba9320c4: Waiting
6d6401b7636b: Waiting
a1b7bb58af83: Waiting
d5791340ef18: Waiting
cfd7e7cce994: Waiting
f014853ae203: Waiting
cffef7dc6f99: Waiting
920396f6294d: Waiting
371aa7febd15: Waiting
40f5bc129fb2: Waiting
d64c83132511: Waiting
0944cdaf8f13: Waiting
16490e9764fb: Waiting
7148fc7d258d: Waiting
d76c44d5005a: Waiting
f014853ae203: Waiting
cffef7dc6f99: Waiting
920396f6294d: Waiting
371aa7febd15: Waiting
40f5bc129fb2: Waiting
d64c83132511: Waiting
0944cdaf8f13: Waiting
16490e9764fb: Waiting
7148fc7d258d: Waiting
d76c44d5005a: Waiting
003061f9ccf9: Waiting
01b3c4a0d5c8: Waiting
4f4fb700ef54: Waiting
34c6ba9320c4: Waiting
6d6401b7636b: Waiting
a1b7bb58af83: Waiting
d5791340ef18: Waiting
cfd7e7cce994: Waiting
d76c44d5005a: Waiting
003061f9ccf9: Waiting
01b3c4a0d5c8: Waiting
4f4fb700ef54: Waiting
34c6ba9320c4: Waiting
6d6401b7636b: Waiting
a1b7bb58af83: Waiting
d5791340ef18: Waiting
cfd7e7cce994: Waiting
f014853ae203: Waiting
cffef7dc6f99: Waiting
920396f6294d: Waiting
371aa7febd15: Waiting
40f5bc129fb2: Waiting
d64c83132511: Waiting
0944cdaf8f13: Waiting
16490e9764fb: Waiting
7148fc7d258d: Waiting
003061f9ccf9: Waiting
01b3c4a0d5c8: Waiting
4f4fb700ef54: Waiting
34c6ba9320c4: Waiting
6d6401b7636b: Waiting
a1b7bb58af83: Waiting
d5791340ef18: Waiting
cfd7e7cce994: Waiting
f014853ae203: Waiting
cffef7dc6f99: Waiting
920396f6294d: Waiting
371aa7febd15: Waiting
40f5bc129fb2: Waiting
d64c83132511: Waiting
0944cdaf8f13: Waiting
16490e9764fb: Waiting
7148fc7d258d: Waiting
d76c44d5005a: Waiting
7148fc7d258d: Waiting
d76c44d5005a: Waiting
003061f9ccf9: Waiting
01b3c4a0d5c8: Waiting
4f4fb700ef54: Waiting
34c6ba9320c4: Waiting
6d6401b7636b: Waiting
a1b7bb58af83: Waiting
d5791340ef18: Waiting
cfd7e7cce994: Waiting
f014853ae203: Waiting
cffef7dc6f99: Waiting
920396f6294d: Waiting
371aa7febd15: Waiting
40f5bc129fb2: Waiting
d64c83132511: Waiting
0944cdaf8f13: Waiting
16490e9764fb: Waiting
003061f9ccf9: Waiting
01b3c4a0d5c8: Waiting
4f4fb700ef54: Waiting
34c6ba9320c4: Waiting
6d6401b7636b: Waiting
a1b7bb58af83: Waiting
d5791340ef18: Waiting
cfd7e7cce994: Waiting
f014853ae203: Waiting
cffef7dc6f99: Waiting
920396f6294d: Waiting
371aa7febd15: Waiting
40f5bc129fb2: Waiting
d64c83132511: Waiting
0944cdaf8f13: Waiting
16490e9764fb: Waiting
7148fc7d258d: Waiting
d76c44d5005a: Waiting
cffef7dc6f99: Waiting
920396f6294d: Waiting
371aa7febd15: Waiting
40f5bc129fb2: Waiting
d64c83132511: Waiting
0944cdaf8f13: Waiting
16490e9764fb: Waiting
7148fc7d258d: Waiting
d76c44d5005a: Waiting
003061f9ccf9: Waiting
01b3c4a0d5c8: Waiting
4f4fb700ef54: Waiting
34c6ba9320c4: Waiting
6d6401b7636b: Waiting
a1b7bb58af83: Waiting
d5791340ef18: Waiting
cfd7e7cce994: Waiting
f014853ae203: Waiting
7148fc7d258d: Waiting
d76c44d5005a: Waiting
003061f9ccf9: Waiting
01b3c4a0d5c8: Waiting
4f4fb700ef54: Waiting
34c6ba9320c4: Waiting
6d6401b7636b: Waiting
a1b7bb58af83: Waiting
d5791340ef18: Waiting
cfd7e7cce994: Waiting
f014853ae203: Waiting
cffef7dc6f99: Waiting
920396f6294d: Waiting
371aa7febd15: Waiting
40f5bc129fb2: Waiting
d64c83132511: Waiting
0944cdaf8f13: Waiting
16490e9764fb: Waiting
d76c44d5005a: Waiting
003061f9ccf9: Waiting
01b3c4a0d5c8: Waiting
4f4fb700ef54: Waiting
34c6ba9320c4: Waiting
6d6401b7636b: Waiting
a1b7bb58af83: Waiting
d5791340ef18: Waiting
cfd7e7cce994: Waiting
f014853ae203: Waiting
cffef7dc6f99: Waiting
920396f6294d: Waiting
371aa7febd15: Waiting
40f5bc129fb2: Waiting
d64c83132511: Waiting
0944cdaf8f13: Waiting
16490e9764fb: Waiting
7148fc7d258d: Waiting
6d6401b7636b: Waiting
a1b7bb58af83: Waiting
d5791340ef18: Waiting
cfd7e7cce994: Waiting
f014853ae203: Waiting
cffef7dc6f99: Waiting
920396f6294d: Waiting
371aa7febd15: Waiting
40f5bc129fb2: Waiting
d64c83132511: Waiting
0944cdaf8f13: Waiting
16490e9764fb: Waiting
7148fc7d258d: Waiting
d76c44d5005a: Waiting
003061f9ccf9: Waiting
01b3c4a0d5c8: Waiting
4f4fb700ef54: Waiting
34c6ba9320c4: Waiting
40f5bc129fb2: Waiting
d64c83132511: Waiting
0944cdaf8f13: Waiting
16490e9764fb: Waiting
7148fc7d258d: Waiting
d76c44d5005a: Waiting
003061f9ccf9: Waiting
01b3c4a0d5c8: Waiting
4f4fb700ef54: Waiting
34c6ba9320c4: Waiting
6d6401b7636b: Waiting
a1b7bb58af83: Waiting
d5791340ef18: Waiting
cfd7e7cce994: Waiting
f014853ae203: Waiting
cffef7dc6f99: Waiting
920396f6294d: Waiting
371aa7febd15: Waiting
003061f9ccf9: Waiting
01b3c4a0d5c8: Waiting
4f4fb700ef54: Waiting
34c6ba9320c4: Waiting
6d6401b7636b: Waiting
a1b7bb58af83: Waiting
d5791340ef18: Waiting
cfd7e7cce994: Waiting
f014853ae203: Waiting
cffef7dc6f99: Waiting
920396f6294d: Waiting
371aa7febd15: Waiting
40f5bc129fb2: Waiting
d64c83132511: Waiting
0944cdaf8f13: Waiting
16490e9764fb: Waiting
7148fc7d258d: Waiting
d76c44d5005a: Waiting
6d6401b7636b: Waiting
a1b7bb58af83: Waiting
d5791340ef18: Waiting
cfd7e7cce994: Waiting
f014853ae203: Waiting
cffef7dc6f99: Waiting
920396f6294d: Waiting
371aa7febd15: Waiting
40f5bc129fb2: Waiting
d64c83132511: Waiting
0944cdaf8f13: Waiting
16490e9764fb: Waiting
7148fc7d258d: Waiting
d76c44d5005a: Waiting
003061f9ccf9: Waiting
01b3c4a0d5c8: Waiting
4f4fb700ef54: Waiting
34c6ba9320c4: Waiting
7148fc7d258d: Waiting
d76c44d5005a: Waiting
003061f9ccf9: Waiting
01b3c4a0d5c8: Waiting
4f4fb700ef54: Waiting
34c6ba9320c4: Waiting
6d6401b7636b: Waiting
a1b7bb58af83: Waiting
d5791340ef18: Waiting
cfd7e7cce994: Waiting
f014853ae203: Waiting
cffef7dc6f99: Waiting
920396f6294d: Waiting
371aa7febd15: Waiting
40f5bc129fb2: Waiting
d64c83132511: Waiting
0944cdaf8f13: Waiting
16490e9764fb: Waiting
0944cdaf8f13: Waiting
16490e9764fb: Waiting
7148fc7d258d: Waiting
d76c44d5005a: Waiting
003061f9ccf9: Waiting
01b3c4a0d5c8: Waiting
4f4fb700ef54: Waiting
34c6ba9320c4: Waiting
6d6401b7636b: Waiting
a1b7bb58af83: Waiting
d5791340ef18: Waiting
cfd7e7cce994: Waiting
f014853ae203: Waiting
cffef7dc6f99: Waiting
920396f6294d: Waiting
371aa7febd15: Waiting
40f5bc129fb2: Waiting
d64c83132511: Waiting
6d6401b7636b: Waiting
a1b7bb58af83: Waiting
d5791340ef18: Waiting
cfd7e7cce994: Waiting
f014853ae203: Waiting
cffef7dc6f99: Waiting
920396f6294d: Waiting
371aa7febd15: Waiting
40f5bc129fb2: Waiting
d64c83132511: Waiting
0944cdaf8f13: Waiting
16490e9764fb: Waiting
7148fc7d258d: Waiting
d76c44d5005a: Waiting
003061f9ccf9: Waiting
01b3c4a0d5c8: Waiting
4f4fb700ef54: Waiting
34c6ba9320c4: Waiting
01b3c4a0d5c8: Waiting
4f4fb700ef54: Waiting
34c6ba9320c4: Waiting
6d6401b7636b: Waiting
a1b7bb58af83: Waiting
d5791340ef18: Waiting
cfd7e7cce994: Waiting
f014853ae203: Waiting
cffef7dc6f99: Waiting
920396f6294d: Waiting
371aa7febd15: Waiting
40f5bc129fb2: Waiting
d64c83132511: Waiting
0944cdaf8f13: Waiting
16490e9764fb: Waiting
7148fc7d258d: Waiting
d76c44d5005a: Waiting
003061f9ccf9: Waiting
003061f9ccf9: Waiting
01b3c4a0d5c8: Waiting
4f4fb700ef54: Waiting
34c6ba9320c4: Waiting
6d6401b7636b: Layer already exists
a1b7bb58af83: Waiting
d5791340ef18: Waiting
cfd7e7cce994: Waiting
f014853ae203: Waiting
cffef7dc6f99: Waiting
920396f6294d: Waiting
371aa7febd15: Waiting
40f5bc129fb2: Waiting
d64c83132511: Waiting
0944cdaf8f13: Waiting
16490e9764fb: Waiting
7148fc7d258d: Waiting
d76c44d5005a: Waiting
d5791340ef18: Waiting
cfd7e7cce994: Waiting
f014853ae203: Layer already exists
cffef7dc6f99: Layer already exists
920396f6294d: Waiting
371aa7febd15: Waiting
40f5bc129fb2: Waiting
d64c83132511: Waiting
0944cdaf8f13: Waiting
16490e9764fb: Waiting
7148fc7d258d: Waiting
d76c44d5005a: Waiting
003061f9ccf9: Waiting
01b3c4a0d5c8: Waiting
4f4fb700ef54: Layer already exists
34c6ba9320c4: Waiting
a1b7bb58af83: Waiting
01b3c4a0d5c8: Waiting
34c6ba9320c4: Waiting
d5791340ef18: Waiting
920396f6294d: Waiting
371aa7febd15: Waiting
40f5bc129fb2: Waiting
d64c83132511: Waiting
0944cdaf8f13: Waiting
16490e9764fb: Waiting
7148fc7d258d: Waiting
003061f9ccf9: Waiting
003061f9ccf9: Waiting
01b3c4a0d5c8: Waiting
34c6ba9320c4: Waiting
d5791340ef18: Waiting
920396f6294d: Waiting
371aa7febd15: Waiting
40f5bc129fb2: Waiting
d64c83132511: Waiting
0944cdaf8f13: Waiting
16490e9764fb: Waiting
7148fc7d258d: Waiting
7148fc7d258d: Waiting
003061f9ccf9: Waiting
34c6ba9320c4: Waiting
920396f6294d: Waiting
371aa7febd15: Waiting
40f5bc129fb2: Waiting
d64c83132511: Waiting
16490e9764fb: Waiting
34c6ba9320c4: Waiting
371aa7febd15: Waiting
40f5bc129fb2: Waiting
16490e9764fb: Waiting
371aa7febd15: Waiting
40f5bc129fb2: Waiting
16490e9764fb: Waiting
34c6ba9320c4: Waiting
34c6ba9320c4: Waiting
371aa7febd15: Waiting
40f5bc129fb2: Waiting
16490e9764fb: Waiting
34c6ba9320c4: Waiting
371aa7febd15: Waiting
40f5bc129fb2: Waiting
16490e9764fb: Waiting
16490e9764fb: Waiting
34c6ba9320c4: Waiting
371aa7febd15: Waiting
40f5bc129fb2: Waiting
34c6ba9320c4: Waiting
371aa7febd15: Waiting
40f5bc129fb2: Waiting
16490e9764fb: Waiting
34c6ba9320c4: Waiting
371aa7febd15: Waiting
40f5bc129fb2: Waiting
16490e9764fb: Waiting
371aa7febd15: Waiting
40f5bc129fb2: Waiting
16490e9764fb: Waiting
01b3c4a0d5c8: Pushed
34c6ba9320c4: Waiting
34c6ba9320c4: Waiting
a1b7bb58af83: Pushed
371aa7febd15: Waiting
40f5bc129fb2: Waiting
16490e9764fb: Waiting
40f5bc129fb2: Waiting
16490e9764fb: Waiting
003061f9ccf9: Pushed
34c6ba9320c4: Mounted from key4127/refactor-dockerhub
371aa7febd15: Waiting
371aa7febd15: Mounted from key4127/refactor-dockerhub
40f5bc129fb2: Waiting
16490e9764fb: Mounted from key4127/refactor-dockerhub
40f5bc129fb2: Waiting
40f5bc129fb2: Mounted from key4127/refactor-dockerhub
0944cdaf8f13: Pushed
920396f6294d: Pushed
d5791340ef18: Pushed
cfd7e7cce994: Pushed
d76c44d5005a: Pushed
d64c83132511: Pushed
7148fc7d258d: Pushed
devlake-8877-env-20261003-r2: digest: sha256:72760afc9b75f4f06256ad3df168d8ff3b5d1b2622992ca0d67efc853cb0a303 size: 856
